// Jest Snapshot v1, https://goo.gl/fbAQLP

exports[`LoginForm matches its snapshot 1`] = `
<Form
  className="LoginForm"
  onSubmit={[Function]}
  tag="form"
>
  <EmailInput
    onChange={[Function]}
    value=""
  />
  <PasswordInput
    onChange={[Function]}
    value=""
  />
  <Button
    color="warning"
    tag="button"
  >
    Login
  </Button>
</Form>
`;
